>> multi-user mode: USERS_FILE=/root/co4029-backend/perf/k6/.state/users.json (200 users)
>> running scenarios/07_nfr_peak.js 

         /\      Grafana   /‾‾/  
    /\  /  \     |\  __   /  /   
   /  \/    \    | |/ /  /   ‾‾\ 
  /          \   |   (  |  (‾)  |
 / __________ \  |_|\_\  \_____/ 

     execution: local
        script: /root/co4029-backend/perf/k6/scenarios/07_nfr_peak.js
        output: -

     scenarios: (100.00%) 2 scenarios, 200 max VUs, 3m45s max duration (incl. graceful stop):
              * browse: Up to 160 looping VUs for 3m30s over 3 stages (gracefulRampDown: 10s, exec: browse, gracefulStop: 30s)
              * quiz_take: Up to 40 looping VUs for 3m30s over 3 stages (gracefulRampDown: 15s, exec: quizTake, gracefulStop: 30s)


running (0m00.8s), 007/200 VUs, 0 complete and 0 interrupted iterations
browse      [   0% ] 006/160 VUs  0m00.8s/3m30.0s
quiz_take   [   0% ] 01/40 VUs    0m00.8s/3m30.0s

running (0m01.8s), 017/200 VUs, 0 complete and 0 interrupted iterations
browse      [   1% ] 014/160 VUs  0m01.8s/3m30.0s
quiz_take   [   1% ] 03/40 VUs    0m01.8s/3m30.0s

running (0m02.8s), 027/200 VUs, 0 complete and 0 interrupted iterations
browse      [   1% ] 022/160 VUs  0m02.8s/3m30.0s
quiz_take   [   1% ] 05/40 VUs    0m02.8s/3m30.0s

running (0m03.8s), 037/200 VUs, 1 complete and 0 interrupted iterations
browse      [   2% ] 030/160 VUs  0m03.8s/3m30.0s
quiz_take   [   2% ] 07/40 VUs    0m03.8s/3m30.0s

running (0m04.8s), 047/200 VUs, 2 complete and 0 interrupted iterations
browse      [   2% ] 038/160 VUs  0m04.8s/3m30.0s
quiz_take   [   2% ] 09/40 VUs    0m04.8s/3m30.0s

running (0m05.8s), 057/200 VUs, 3 complete and 0 interrupted iterations
browse      [   3% ] 046/160 VUs  0m05.8s/3m30.0s
quiz_take   [   3% ] 11/40 VUs    0m05.8s/3m30.0s

running (0m06.8s), 067/200 VUs, 3 complete and 0 interrupted iterations
browse      [   3% ] 054/160 VUs  0m06.8s/3m30.0s
quiz_take   [   3% ] 13/40 VUs    0m06.8s/3m30.0s

running (0m07.8s), 077/200 VUs, 3 complete and 0 interrupted iterations
browse      [   4% ] 062/160 VUs  0m07.8s/3m30.0s
quiz_take   [   4% ] 15/40 VUs    0m07.8s/3m30.0s

running (0m08.8s), 087/200 VUs, 4 complete and 0 interrupted iterations
browse      [   4% ] 070/160 VUs  0m08.8s/3m30.0s
quiz_take   [   4% ] 17/40 VUs    0m08.8s/3m30.0s

running (0m09.8s), 097/200 VUs, 8 complete and 0 interrupted iterations
browse      [   5% ] 078/160 VUs  0m09.8s/3m30.0s
quiz_take   [   5% ] 19/40 VUs    0m09.8s/3m30.0s

running (0m10.8s), 107/200 VUs, 9 complete and 0 interrupted iterations
browse      [   5% ] 086/160 VUs  0m10.8s/3m30.0s
quiz_take   [   5% ] 21/40 VUs    0m10.8s/3m30.0s

running (0m11.8s), 117/200 VUs, 10 complete and 0 interrupted iterations
browse      [   6% ] 094/160 VUs  0m11.8s/3m30.0s
quiz_take   [   6% ] 23/40 VUs    0m11.8s/3m30.0s

running (0m12.8s), 127/200 VUs, 12 complete and 0 interrupted iterations
browse      [   6% ] 102/160 VUs  0m12.8s/3m30.0s
quiz_take   [   6% ] 25/40 VUs    0m12.8s/3m30.0s

running (0m13.8s), 137/200 VUs, 16 complete and 0 interrupted iterations
browse      [   7% ] 110/160 VUs  0m13.8s/3m30.0s
quiz_take   [   7% ] 27/40 VUs    0m13.8s/3m30.0s

running (0m14.8s), 147/200 VUs, 16 complete and 0 interrupted iterations
browse      [   7% ] 118/160 VUs  0m14.8s/3m30.0s
quiz_take   [   7% ] 29/40 VUs    0m14.8s/3m30.0s

running (0m15.8s), 157/200 VUs, 19 complete and 0 interrupted iterations
browse      [   8% ] 126/160 VUs  0m15.8s/3m30.0s
quiz_take   [   8% ] 31/40 VUs    0m15.8s/3m30.0s

running (0m16.8s), 167/200 VUs, 21 complete and 0 interrupted iterations
browse      [   8% ] 134/160 VUs  0m16.8s/3m30.0s
quiz_take   [   8% ] 33/40 VUs    0m16.8s/3m30.0s

running (0m17.8s), 177/200 VUs, 22 complete and 0 interrupted iterations
browse      [   8% ] 142/160 VUs  0m17.8s/3m30.0s
quiz_take   [   8% ] 35/40 VUs    0m17.8s/3m30.0s

running (0m18.8s), 187/200 VUs, 25 complete and 0 interrupted iterations
browse      [   9% ] 150/160 VUs  0m18.8s/3m30.0s
quiz_take   [   9% ] 37/40 VUs    0m18.8s/3m30.0s

running (0m19.8s), 197/200 VUs, 26 complete and 0 interrupted iterations
browse      [   9% ] 158/160 VUs  0m19.8s/3m30.0s
quiz_take   [   9% ] 39/40 VUs    0m19.8s/3m30.0s

running (0m20.8s), 200/200 VUs, 27 complete and 0 interrupted iterations
browse      [  10% ] 160/160 VUs  0m20.8s/3m30.0s
quiz_take   [  10% ] 40/40 VUs    0m20.8s/3m30.0s

running (0m21.8s), 200/200 VUs, 31 complete and 0 interrupted iterations
browse      [  10% ] 160/160 VUs  0m21.8s/3m30.0s
quiz_take   [  10% ] 40/40 VUs    0m21.8s/3m30.0s

running (0m22.8s), 200/200 VUs, 31 complete and 0 interrupted iterations
browse      [  11% ] 160/160 VUs  0m22.8s/3m30.0s
quiz_take   [  11% ] 40/40 VUs    0m22.8s/3m30.0s

running (0m23.8s), 200/200 VUs, 32 complete and 0 interrupted iterations
browse      [  11% ] 160/160 VUs  0m23.8s/3m30.0s
quiz_take   [  11% ] 40/40 VUs    0m23.8s/3m30.0s

running (0m24.8s), 200/200 VUs, 33 complete and 0 interrupted iterations
browse      [  12% ] 160/160 VUs  0m24.8s/3m30.0s
quiz_take   [  12% ] 40/40 VUs    0m24.8s/3m30.0s

running (0m25.8s), 200/200 VUs, 35 complete and 0 interrupted iterations
browse      [  12% ] 160/160 VUs  0m25.8s/3m30.0s
quiz_take   [  12% ] 40/40 VUs    0m25.8s/3m30.0s

running (0m26.8s), 200/200 VUs, 37 complete and 0 interrupted iterations
browse      [  13% ] 160/160 VUs  0m26.8s/3m30.0s
quiz_take   [  13% ] 40/40 VUs    0m26.8s/3m30.0s

running (0m27.8s), 200/200 VUs, 38 complete and 0 interrupted iterations
browse      [  13% ] 160/160 VUs  0m27.8s/3m30.0s
quiz_take   [  13% ] 40/40 VUs    0m27.8s/3m30.0s

running (0m28.8s), 200/200 VUs, 40 complete and 0 interrupted iterations
browse      [  14% ] 160/160 VUs  0m28.8s/3m30.0s
quiz_take   [  14% ] 40/40 VUs    0m28.8s/3m30.0s

running (0m29.8s), 200/200 VUs, 42 complete and 0 interrupted iterations
browse      [  14% ] 160/160 VUs  0m29.8s/3m30.0s
quiz_take   [  14% ] 40/40 VUs    0m29.8s/3m30.0s

running (0m30.8s), 200/200 VUs, 45 complete and 0 interrupted iterations
browse      [  15% ] 160/160 VUs  0m30.8s/3m30.0s
quiz_take   [  15% ] 40/40 VUs    0m30.8s/3m30.0s

running (0m31.8s), 200/200 VUs, 47 complete and 0 interrupted iterations
browse      [  15% ] 160/160 VUs  0m31.8s/3m30.0s
quiz_take   [  15% ] 40/40 VUs    0m31.8s/3m30.0s

running (0m32.8s), 200/200 VUs, 50 complete and 0 interrupted iterations
browse      [  16% ] 160/160 VUs  0m32.8s/3m30.0s
quiz_take   [  16% ] 40/40 VUs    0m32.8s/3m30.0s

running (0m33.8s), 200/200 VUs, 53 complete and 0 interrupted iterations
browse      [  16% ] 160/160 VUs  0m33.8s/3m30.0s
quiz_take   [  16% ] 40/40 VUs    0m33.8s/3m30.0s

running (0m34.8s), 200/200 VUs, 55 complete and 0 interrupted iterations
browse      [  17% ] 160/160 VUs  0m34.8s/3m30.0s
quiz_take   [  17% ] 40/40 VUs    0m34.8s/3m30.0s

running (0m35.8s), 200/200 VUs, 58 complete and 0 interrupted iterations
browse      [  17% ] 160/160 VUs  0m35.8s/3m30.0s
quiz_take   [  17% ] 40/40 VUs    0m35.8s/3m30.0s

running (0m36.8s), 200/200 VUs, 60 complete and 0 interrupted iterations
browse      [  18% ] 160/160 VUs  0m36.8s/3m30.0s
quiz_take   [  18% ] 40/40 VUs    0m36.8s/3m30.0s

running (0m37.8s), 200/200 VUs, 64 complete and 0 interrupted iterations
browse      [  18% ] 160/160 VUs  0m37.8s/3m30.0s
quiz_take   [  18% ] 40/40 VUs    0m37.8s/3m30.0s

running (0m38.8s), 200/200 VUs, 71 complete and 0 interrupted iterations
browse      [  18% ] 160/160 VUs  0m38.8s/3m30.0s
quiz_take   [  18% ] 40/40 VUs    0m38.8s/3m30.0s

running (0m39.8s), 200/200 VUs, 72 complete and 0 interrupted iterations
browse      [  19% ] 160/160 VUs  0m39.8s/3m30.0s
quiz_take   [  19% ] 40/40 VUs    0m39.8s/3m30.0s

running (0m40.8s), 200/200 VUs, 77 complete and 0 interrupted iterations
browse      [  19% ] 160/160 VUs  0m40.8s/3m30.0s
quiz_take   [  19% ] 40/40 VUs    0m40.8s/3m30.0s

running (0m41.8s), 200/200 VUs, 86 complete and 0 interrupted iterations
browse      [  20% ] 160/160 VUs  0m41.8s/3m30.0s
quiz_take   [  20% ] 40/40 VUs    0m41.8s/3m30.0s

running (0m42.8s), 200/200 VUs, 92 complete and 0 interrupted iterations
browse      [  20% ] 160/160 VUs  0m42.8s/3m30.0s
quiz_take   [  20% ] 40/40 VUs    0m42.8s/3m30.0s

running (0m43.8s), 200/200 VUs, 93 complete and 0 interrupted iterations
browse      [  21% ] 160/160 VUs  0m43.8s/3m30.0s
quiz_take   [  21% ] 40/40 VUs    0m43.8s/3m30.0s

running (0m44.8s), 200/200 VUs, 97 complete and 0 interrupted iterations
browse      [  21% ] 160/160 VUs  0m44.8s/3m30.0s
quiz_take   [  21% ] 40/40 VUs    0m44.8s/3m30.0s

running (0m45.8s), 200/200 VUs, 105 complete and 0 interrupted iterations
browse      [  22% ] 160/160 VUs  0m45.8s/3m30.0s
quiz_take   [  22% ] 40/40 VUs    0m45.8s/3m30.0s

running (0m46.8s), 200/200 VUs, 118 complete and 0 interrupted iterations
browse      [  22% ] 160/160 VUs  0m46.8s/3m30.0s
quiz_take   [  22% ] 40/40 VUs    0m46.8s/3m30.0s

running (0m47.8s), 200/200 VUs, 130 complete and 0 interrupted iterations
browse      [  23% ] 160/160 VUs  0m47.8s/3m30.0s
quiz_take   [  23% ] 40/40 VUs    0m47.8s/3m30.0s

running (0m48.8s), 200/200 VUs, 134 complete and 0 interrupted iterations
browse      [  23% ] 160/160 VUs  0m48.8s/3m30.0s
quiz_take   [  23% ] 40/40 VUs    0m48.8s/3m30.0s

running (0m49.8s), 200/200 VUs, 145 complete and 0 interrupted iterations
browse      [  24% ] 160/160 VUs  0m49.8s/3m30.0s
quiz_take   [  24% ] 40/40 VUs    0m49.8s/3m30.0s

running (0m50.8s), 200/200 VUs, 155 complete and 0 interrupted iterations
browse      [  24% ] 160/160 VUs  0m50.8s/3m30.0s
quiz_take   [  24% ] 40/40 VUs    0m50.8s/3m30.0s

running (0m51.8s), 200/200 VUs, 157 complete and 0 interrupted iterations
browse      [  25% ] 160/160 VUs  0m51.8s/3m30.0s
quiz_take   [  25% ] 40/40 VUs    0m51.8s/3m30.0s

running (0m52.8s), 200/200 VUs, 165 complete and 0 interrupted iterations
browse      [  25% ] 160/160 VUs  0m52.8s/3m30.0s
quiz_take   [  25% ] 40/40 VUs    0m52.8s/3m30.0s

running (0m53.8s), 200/200 VUs, 167 complete and 0 interrupted iterations
browse      [  26% ] 160/160 VUs  0m53.8s/3m30.0s
quiz_take   [  26% ] 40/40 VUs    0m53.8s/3m30.0s

running (0m54.8s), 200/200 VUs, 169 complete and 0 interrupted iterations
browse      [  26% ] 160/160 VUs  0m54.8s/3m30.0s
quiz_take   [  26% ] 40/40 VUs    0m54.8s/3m30.0s

running (0m55.8s), 200/200 VUs, 172 complete and 0 interrupted iterations
browse      [  27% ] 160/160 VUs  0m55.8s/3m30.0s
quiz_take   [  27% ] 40/40 VUs    0m55.8s/3m30.0s

running (0m56.8s), 200/200 VUs, 181 complete and 0 interrupted iterations
browse      [  27% ] 160/160 VUs  0m56.8s/3m30.0s
quiz_take   [  27% ] 40/40 VUs    0m56.8s/3m30.0s

running (0m57.8s), 200/200 VUs, 183 complete and 0 interrupted iterations
browse      [  28% ] 160/160 VUs  0m57.8s/3m30.0s
quiz_take   [  28% ] 40/40 VUs    0m57.8s/3m30.0s

running (0m58.8s), 200/200 VUs, 189 complete and 0 interrupted iterations
browse      [  28% ] 160/160 VUs  0m58.8s/3m30.0s
quiz_take   [  28% ] 40/40 VUs    0m58.8s/3m30.0s

running (0m59.8s), 200/200 VUs, 195 complete and 0 interrupted iterations
browse      [  28% ] 160/160 VUs  0m59.8s/3m30.0s
quiz_take   [  28% ] 40/40 VUs    0m59.8s/3m30.0s

running (1m00.8s), 200/200 VUs, 198 complete and 0 interrupted iterations
browse      [  29% ] 160/160 VUs  1m00.8s/3m30.0s
quiz_take   [  29% ] 40/40 VUs    1m00.8s/3m30.0s

running (1m01.8s), 200/200 VUs, 201 complete and 0 interrupted iterations
browse      [  29% ] 160/160 VUs  1m01.8s/3m30.0s
quiz_take   [  29% ] 40/40 VUs    1m01.8s/3m30.0s

running (1m02.8s), 200/200 VUs, 205 complete and 0 interrupted iterations
browse      [  30% ] 160/160 VUs  1m02.8s/3m30.0s
quiz_take   [  30% ] 40/40 VUs    1m02.8s/3m30.0s

running (1m03.8s), 200/200 VUs, 207 complete and 0 interrupted iterations
browse      [  30% ] 160/160 VUs  1m03.8s/3m30.0s
quiz_take   [  30% ] 40/40 VUs    1m03.8s/3m30.0s

running (1m04.8s), 200/200 VUs, 210 complete and 0 interrupted iterations
browse      [  31% ] 160/160 VUs  1m04.8s/3m30.0s
quiz_take   [  31% ] 40/40 VUs    1m04.8s/3m30.0s

running (1m05.8s), 200/200 VUs, 214 complete and 0 interrupted iterations
browse      [  31% ] 160/160 VUs  1m05.8s/3m30.0s
quiz_take   [  31% ] 40/40 VUs    1m05.8s/3m30.0s

running (1m06.8s), 200/200 VUs, 220 complete and 0 interrupted iterations
browse      [  32% ] 160/160 VUs  1m06.8s/3m30.0s
quiz_take   [  32% ] 40/40 VUs    1m06.8s/3m30.0s

running (1m07.8s), 200/200 VUs, 224 complete and 0 interrupted iterations
browse      [  32% ] 160/160 VUs  1m07.8s/3m30.0s
quiz_take   [  32% ] 40/40 VUs    1m07.8s/3m30.0s

running (1m08.8s), 200/200 VUs, 228 complete and 0 interrupted iterations
browse      [  33% ] 160/160 VUs  1m08.8s/3m30.0s
quiz_take   [  33% ] 40/40 VUs    1m08.8s/3m30.0s

running (1m09.8s), 200/200 VUs, 233 complete and 0 interrupted iterations
browse      [  33% ] 160/160 VUs  1m09.8s/3m30.0s
quiz_take   [  33% ] 40/40 VUs    1m09.8s/3m30.0s

running (1m10.8s), 200/200 VUs, 237 complete and 0 interrupted iterations
browse      [  34% ] 160/160 VUs  1m10.8s/3m30.0s
quiz_take   [  34% ] 40/40 VUs    1m10.8s/3m30.0s

running (1m11.8s), 200/200 VUs, 244 complete and 0 interrupted iterations
browse      [  34% ] 160/160 VUs  1m11.8s/3m30.0s
quiz_take   [  34% ] 40/40 VUs    1m11.8s/3m30.0s

running (1m12.8s), 200/200 VUs, 248 complete and 0 interrupted iterations
browse      [  35% ] 160/160 VUs  1m12.8s/3m30.0s
quiz_take   [  35% ] 40/40 VUs    1m12.8s/3m30.0s

running (1m13.8s), 200/200 VUs, 254 complete and 0 interrupted iterations
browse      [  35% ] 160/160 VUs  1m13.8s/3m30.0s
quiz_take   [  35% ] 40/40 VUs    1m13.8s/3m30.0s

running (1m14.8s), 200/200 VUs, 255 complete and 0 interrupted iterations
browse      [  36% ] 160/160 VUs  1m14.8s/3m30.0s
quiz_take   [  36% ] 40/40 VUs    1m14.8s/3m30.0s

running (1m15.8s), 200/200 VUs, 265 complete and 0 interrupted iterations
browse      [  36% ] 160/160 VUs  1m15.8s/3m30.0s
quiz_take   [  36% ] 40/40 VUs    1m15.8s/3m30.0s

running (1m16.8s), 200/200 VUs, 267 complete and 0 interrupted iterations
browse      [  37% ] 160/160 VUs  1m16.8s/3m30.0s
quiz_take   [  37% ] 40/40 VUs    1m16.8s/3m30.0s

running (1m17.8s), 200/200 VUs, 268 complete and 0 interrupted iterations
browse      [  37% ] 160/160 VUs  1m17.8s/3m30.0s
quiz_take   [  37% ] 40/40 VUs    1m17.8s/3m30.0s

running (1m18.8s), 200/200 VUs, 275 complete and 0 interrupted iterations
browse      [  38% ] 160/160 VUs  1m18.8s/3m30.0s
quiz_take   [  38% ] 40/40 VUs    1m18.8s/3m30.0s

running (1m19.8s), 200/200 VUs, 280 complete and 0 interrupted iterations
browse      [  38% ] 160/160 VUs  1m19.8s/3m30.0s
quiz_take   [  38% ] 40/40 VUs    1m19.8s/3m30.0s

running (1m20.8s), 200/200 VUs, 286 complete and 0 interrupted iterations
browse      [  38% ] 160/160 VUs  1m20.8s/3m30.0s
quiz_take   [  38% ] 40/40 VUs    1m20.8s/3m30.0s

running (1m21.8s), 200/200 VUs, 297 complete and 0 interrupted iterations
browse      [  39% ] 160/160 VUs  1m21.8s/3m30.0s
quiz_take   [  39% ] 40/40 VUs    1m21.8s/3m30.0s

running (1m22.8s), 200/200 VUs, 310 complete and 0 interrupted iterations
browse      [  39% ] 160/160 VUs  1m22.8s/3m30.0s
quiz_take   [  39% ] 40/40 VUs    1m22.8s/3m30.0s

running (1m23.8s), 200/200 VUs, 317 complete and 0 interrupted iterations
browse      [  40% ] 160/160 VUs  1m23.8s/3m30.0s
quiz_take   [  40% ] 40/40 VUs    1m23.8s/3m30.0s

running (1m24.8s), 200/200 VUs, 323 complete and 0 interrupted iterations
browse      [  40% ] 160/160 VUs  1m24.8s/3m30.0s
quiz_take   [  40% ] 40/40 VUs    1m24.8s/3m30.0s

running (1m25.8s), 200/200 VUs, 325 complete and 0 interrupted iterations
browse      [  41% ] 160/160 VUs  1m25.8s/3m30.0s
quiz_take   [  41% ] 40/40 VUs    1m25.8s/3m30.0s

running (1m26.8s), 200/200 VUs, 331 complete and 0 interrupted iterations
browse      [  41% ] 160/160 VUs  1m26.8s/3m30.0s
quiz_take   [  41% ] 40/40 VUs    1m26.8s/3m30.0s

running (1m27.8s), 200/200 VUs, 336 complete and 0 interrupted iterations
browse      [  42% ] 160/160 VUs  1m27.8s/3m30.0s
quiz_take   [  42% ] 40/40 VUs    1m27.8s/3m30.0s

running (1m28.8s), 200/200 VUs, 339 complete and 0 interrupted iterations
browse      [  42% ] 160/160 VUs  1m28.8s/3m30.0s
quiz_take   [  42% ] 40/40 VUs    1m28.8s/3m30.0s

running (1m29.8s), 200/200 VUs, 339 complete and 0 interrupted iterations
browse      [  43% ] 160/160 VUs  1m29.8s/3m30.0s
quiz_take   [  43% ] 40/40 VUs    1m29.8s/3m30.0s

running (1m30.8s), 200/200 VUs, 344 complete and 0 interrupted iterations
browse      [  43% ] 160/160 VUs  1m30.8s/3m30.0s
quiz_take   [  43% ] 40/40 VUs    1m30.8s/3m30.0s

running (1m31.8s), 200/200 VUs, 350 complete and 0 interrupted iterations
browse      [  44% ] 160/160 VUs  1m31.8s/3m30.0s
quiz_take   [  44% ] 40/40 VUs    1m31.8s/3m30.0s

running (1m32.8s), 200/200 VUs, 356 complete and 0 interrupted iterations
browse      [  44% ] 160/160 VUs  1m32.8s/3m30.0s
quiz_take   [  44% ] 40/40 VUs    1m32.8s/3m30.0s

running (1m33.8s), 200/200 VUs, 359 complete and 0 interrupted iterations
browse      [  45% ] 160/160 VUs  1m33.8s/3m30.0s
quiz_take   [  45% ] 40/40 VUs    1m33.8s/3m30.0s

running (1m34.8s), 200/200 VUs, 366 complete and 0 interrupted iterations
browse      [  45% ] 160/160 VUs  1m34.8s/3m30.0s
quiz_take   [  45% ] 40/40 VUs    1m34.8s/3m30.0s

running (1m35.8s), 200/200 VUs, 370 complete and 0 interrupted iterations
browse      [  46% ] 160/160 VUs  1m35.8s/3m30.0s
quiz_take   [  46% ] 40/40 VUs    1m35.8s/3m30.0s

running (1m36.8s), 200/200 VUs, 374 complete and 0 interrupted iterations
browse      [  46% ] 160/160 VUs  1m36.8s/3m30.0s
quiz_take   [  46% ] 40/40 VUs    1m36.8s/3m30.0s

running (1m37.8s), 200/200 VUs, 377 complete and 0 interrupted iterations
browse      [  47% ] 160/160 VUs  1m37.8s/3m30.0s
quiz_take   [  47% ] 40/40 VUs    1m37.8s/3m30.0s

running (1m38.8s), 200/200 VUs, 388 complete and 0 interrupted iterations
browse      [  47% ] 160/160 VUs  1m38.8s/3m30.0s
quiz_take   [  47% ] 40/40 VUs    1m38.8s/3m30.0s

running (1m39.8s), 200/200 VUs, 391 complete and 0 interrupted iterations
browse      [  48% ] 160/160 VUs  1m39.8s/3m30.0s
quiz_take   [  48% ] 40/40 VUs    1m39.8s/3m30.0s

running (1m40.8s), 200/200 VUs, 394 complete and 0 interrupted iterations
browse      [  48% ] 160/160 VUs  1m40.8s/3m30.0s
quiz_take   [  48% ] 40/40 VUs    1m40.8s/3m30.0s

running (1m41.8s), 200/200 VUs, 397 complete and 0 interrupted iterations
browse      [  48% ] 160/160 VUs  1m41.8s/3m30.0s
quiz_take   [  48% ] 40/40 VUs    1m41.8s/3m30.0s

running (1m42.8s), 200/200 VUs, 405 complete and 0 interrupted iterations
browse      [  49% ] 160/160 VUs  1m42.8s/3m30.0s
quiz_take   [  49% ] 40/40 VUs    1m42.8s/3m30.0s

running (1m43.8s), 200/200 VUs, 411 complete and 0 interrupted iterations
browse      [  49% ] 160/160 VUs  1m43.8s/3m30.0s
quiz_take   [  49% ] 40/40 VUs    1m43.8s/3m30.0s

running (1m44.8s), 200/200 VUs, 414 complete and 0 interrupted iterations
browse      [  50% ] 160/160 VUs  1m44.8s/3m30.0s
quiz_take   [  50% ] 40/40 VUs    1m44.8s/3m30.0s

running (1m45.8s), 200/200 VUs, 417 complete and 0 interrupted iterations
browse      [  50% ] 160/160 VUs  1m45.8s/3m30.0s
quiz_take   [  50% ] 40/40 VUs    1m45.8s/3m30.0s

running (1m46.8s), 200/200 VUs, 418 complete and 0 interrupted iterations
browse      [  51% ] 160/160 VUs  1m46.8s/3m30.0s
quiz_take   [  51% ] 40/40 VUs    1m46.8s/3m30.0s

running (1m47.8s), 200/200 VUs, 421 complete and 0 interrupted iterations
browse      [  51% ] 160/160 VUs  1m47.8s/3m30.0s
quiz_take   [  51% ] 40/40 VUs    1m47.8s/3m30.0s

running (1m48.8s), 200/200 VUs, 423 complete and 0 interrupted iterations
browse      [  52% ] 160/160 VUs  1m48.8s/3m30.0s
quiz_take   [  52% ] 40/40 VUs    1m48.8s/3m30.0s

running (1m49.8s), 200/200 VUs, 426 complete and 0 interrupted iterations
browse      [  52% ] 160/160 VUs  1m49.8s/3m30.0s
quiz_take   [  52% ] 40/40 VUs    1m49.8s/3m30.0s

running (1m50.8s), 200/200 VUs, 430 complete and 0 interrupted iterations
browse      [  53% ] 160/160 VUs  1m50.8s/3m30.0s
quiz_take   [  53% ] 40/40 VUs    1m50.8s/3m30.0s

running (1m51.8s), 200/200 VUs, 439 complete and 0 interrupted iterations
browse      [  53% ] 160/160 VUs  1m51.8s/3m30.0s
quiz_take   [  53% ] 40/40 VUs    1m51.8s/3m30.0s

running (1m52.8s), 200/200 VUs, 447 complete and 0 interrupted iterations
browse      [  54% ] 160/160 VUs  1m52.8s/3m30.0s
quiz_take   [  54% ] 40/40 VUs    1m52.8s/3m30.0s

running (1m53.8s), 200/200 VUs, 456 complete and 0 interrupted iterations
browse      [  54% ] 160/160 VUs  1m53.8s/3m30.0s
quiz_take   [  54% ] 40/40 VUs    1m53.8s/3m30.0s

running (1m54.8s), 200/200 VUs, 466 complete and 0 interrupted iterations
browse      [  55% ] 160/160 VUs  1m54.8s/3m30.0s
quiz_take   [  55% ] 40/40 VUs    1m54.8s/3m30.0s

running (1m55.8s), 200/200 VUs, 466 complete and 0 interrupted iterations
browse      [  55% ] 160/160 VUs  1m55.8s/3m30.0s
quiz_take   [  55% ] 40/40 VUs    1m55.8s/3m30.0s

running (1m56.8s), 200/200 VUs, 469 complete and 0 interrupted iterations
browse      [  56% ] 160/160 VUs  1m56.8s/3m30.0s
quiz_take   [  56% ] 40/40 VUs    1m56.8s/3m30.0s

running (1m57.8s), 200/200 VUs, 473 complete and 0 interrupted iterations
browse      [  56% ] 160/160 VUs  1m57.8s/3m30.0s
quiz_take   [  56% ] 40/40 VUs    1m57.8s/3m30.0s

running (1m58.8s), 200/200 VUs, 480 complete and 0 interrupted iterations
browse      [  57% ] 160/160 VUs  1m58.8s/3m30.0s
quiz_take   [  57% ] 40/40 VUs    1m58.8s/3m30.0s

running (1m59.8s), 200/200 VUs, 485 complete and 0 interrupted iterations
browse      [  57% ] 160/160 VUs  1m59.8s/3m30.0s
quiz_take   [  57% ] 40/40 VUs    1m59.8s/3m30.0s

running (2m00.8s), 200/200 VUs, 489 complete and 0 interrupted iterations
browse      [  58% ] 160/160 VUs  2m00.8s/3m30.0s
quiz_take   [  58% ] 40/40 VUs    2m00.8s/3m30.0s

running (2m01.8s), 200/200 VUs, 490 complete and 0 interrupted iterations
browse      [  58% ] 160/160 VUs  2m01.8s/3m30.0s
quiz_take   [  58% ] 40/40 VUs    2m01.8s/3m30.0s

running (2m02.8s), 200/200 VUs, 493 complete and 0 interrupted iterations
browse      [  58% ] 160/160 VUs  2m02.8s/3m30.0s
quiz_take   [  58% ] 40/40 VUs    2m02.8s/3m30.0s

running (2m03.8s), 200/200 VUs, 497 complete and 0 interrupted iterations
browse      [  59% ] 160/160 VUs  2m03.8s/3m30.0s
quiz_take   [  59% ] 40/40 VUs    2m03.8s/3m30.0s

running (2m04.8s), 200/200 VUs, 502 complete and 0 interrupted iterations
browse      [  59% ] 160/160 VUs  2m04.8s/3m30.0s
quiz_take   [  59% ] 40/40 VUs    2m04.8s/3m30.0s

running (2m05.8s), 200/200 VUs, 507 complete and 0 interrupted iterations
browse      [  60% ] 160/160 VUs  2m05.8s/3m30.0s
quiz_take   [  60% ] 40/40 VUs    2m05.8s/3m30.0s

running (2m06.8s), 200/200 VUs, 511 complete and 0 interrupted iterations
browse      [  60% ] 160/160 VUs  2m06.8s/3m30.0s
quiz_take   [  60% ] 40/40 VUs    2m06.8s/3m30.0s

running (2m07.8s), 200/200 VUs, 516 complete and 0 interrupted iterations
browse      [  61% ] 160/160 VUs  2m07.8s/3m30.0s
quiz_take   [  61% ] 40/40 VUs    2m07.8s/3m30.0s

running (2m08.8s), 200/200 VUs, 521 complete and 0 interrupted iterations
browse      [  61% ] 160/160 VUs  2m08.8s/3m30.0s
quiz_take   [  61% ] 40/40 VUs    2m08.8s/3m30.0s

running (2m09.8s), 200/200 VUs, 525 complete and 0 interrupted iterations
browse      [  62% ] 160/160 VUs  2m09.8s/3m30.0s
quiz_take   [  62% ] 40/40 VUs    2m09.8s/3m30.0s

running (2m10.8s), 200/200 VUs, 530 complete and 0 interrupted iterations
browse      [  62% ] 160/160 VUs  2m10.8s/3m30.0s
quiz_take   [  62% ] 40/40 VUs    2m10.8s/3m30.0s

running (2m11.8s), 200/200 VUs, 538 complete and 0 interrupted iterations
browse      [  63% ] 160/160 VUs  2m11.8s/3m30.0s
quiz_take   [  63% ] 40/40 VUs    2m11.8s/3m30.0s

running (2m12.8s), 200/200 VUs, 540 complete and 0 interrupted iterations
browse      [  63% ] 160/160 VUs  2m12.8s/3m30.0s
quiz_take   [  63% ] 40/40 VUs    2m12.8s/3m30.0s

running (2m13.8s), 200/200 VUs, 546 complete and 0 interrupted iterations
browse      [  64% ] 160/160 VUs  2m13.8s/3m30.0s
quiz_take   [  64% ] 40/40 VUs    2m13.8s/3m30.0s

running (2m14.8s), 200/200 VUs, 549 complete and 0 interrupted iterations
browse      [  64% ] 160/160 VUs  2m14.8s/3m30.0s
quiz_take   [  64% ] 40/40 VUs    2m14.8s/3m30.0s

running (2m15.8s), 200/200 VUs, 555 complete and 0 interrupted iterations
browse      [  65% ] 160/160 VUs  2m15.8s/3m30.0s
quiz_take   [  65% ] 40/40 VUs    2m15.8s/3m30.0s

running (2m16.8s), 200/200 VUs, 559 complete and 0 interrupted iterations
browse      [  65% ] 160/160 VUs  2m16.8s/3m30.0s
quiz_take   [  65% ] 40/40 VUs    2m16.8s/3m30.0s

running (2m17.8s), 200/200 VUs, 561 complete and 0 interrupted iterations
browse      [  66% ] 160/160 VUs  2m17.8s/3m30.0s
quiz_take   [  66% ] 40/40 VUs    2m17.8s/3m30.0s

running (2m18.8s), 200/200 VUs, 568 complete and 0 interrupted iterations
browse      [  66% ] 160/160 VUs  2m18.8s/3m30.0s
quiz_take   [  66% ] 40/40 VUs    2m18.8s/3m30.0s

running (2m19.8s), 200/200 VUs, 573 complete and 0 interrupted iterations
browse      [  67% ] 160/160 VUs  2m19.8s/3m30.0s
quiz_take   [  67% ] 40/40 VUs    2m19.8s/3m30.0s

running (2m20.8s), 200/200 VUs, 575 complete and 0 interrupted iterations
browse      [  67% ] 160/160 VUs  2m20.8s/3m30.0s
quiz_take   [  67% ] 40/40 VUs    2m20.8s/3m30.0s

running (2m21.8s), 200/200 VUs, 580 complete and 0 interrupted iterations
browse      [  68% ] 160/160 VUs  2m21.8s/3m30.0s
quiz_take   [  68% ] 40/40 VUs    2m21.8s/3m30.0s

running (2m22.8s), 200/200 VUs, 582 complete and 0 interrupted iterations
browse      [  68% ] 160/160 VUs  2m22.8s/3m30.0s
quiz_take   [  68% ] 40/40 VUs    2m22.8s/3m30.0s

running (2m23.8s), 200/200 VUs, 585 complete and 0 interrupted iterations
browse      [  68% ] 160/160 VUs  2m23.8s/3m30.0s
quiz_take   [  68% ] 40/40 VUs    2m23.8s/3m30.0s

running (2m24.8s), 200/200 VUs, 591 complete and 0 interrupted iterations
browse      [  69% ] 160/160 VUs  2m24.8s/3m30.0s
quiz_take   [  69% ] 40/40 VUs    2m24.8s/3m30.0s

running (2m25.8s), 200/200 VUs, 596 complete and 0 interrupted iterations
browse      [  69% ] 160/160 VUs  2m25.8s/3m30.0s
quiz_take   [  69% ] 40/40 VUs    2m25.8s/3m30.0s

running (2m26.8s), 200/200 VUs, 605 complete and 0 interrupted iterations
browse      [  70% ] 160/160 VUs  2m26.8s/3m30.0s
quiz_take   [  70% ] 40/40 VUs    2m26.8s/3m30.0s

running (2m27.8s), 200/200 VUs, 608 complete and 0 interrupted iterations
browse      [  70% ] 160/160 VUs  2m27.8s/3m30.0s
quiz_take   [  70% ] 40/40 VUs    2m27.8s/3m30.0s

running (2m28.8s), 200/200 VUs, 619 complete and 0 interrupted iterations
browse      [  71% ] 160/160 VUs  2m28.8s/3m30.0s
quiz_take   [  71% ] 40/40 VUs    2m28.8s/3m30.0s

running (2m29.8s), 200/200 VUs, 622 complete and 0 interrupted iterations
browse      [  71% ] 160/160 VUs  2m29.8s/3m30.0s
quiz_take   [  71% ] 40/40 VUs    2m29.8s/3m30.0s

running (2m30.8s), 200/200 VUs, 624 complete and 0 interrupted iterations
browse      [  72% ] 160/160 VUs  2m30.8s/3m30.0s
quiz_take   [  72% ] 40/40 VUs    2m30.8s/3m30.0s

running (2m31.8s), 200/200 VUs, 628 complete and 0 interrupted iterations
browse      [  72% ] 160/160 VUs  2m31.8s/3m30.0s
quiz_take   [  72% ] 40/40 VUs    2m31.8s/3m30.0s

running (2m32.8s), 200/200 VUs, 635 complete and 0 interrupted iterations
browse      [  73% ] 160/160 VUs  2m32.8s/3m30.0s
quiz_take   [  73% ] 40/40 VUs    2m32.8s/3m30.0s

running (2m33.8s), 200/200 VUs, 639 complete and 0 interrupted iterations
browse      [  73% ] 160/160 VUs  2m33.8s/3m30.0s
quiz_take   [  73% ] 40/40 VUs    2m33.8s/3m30.0s

running (2m34.8s), 200/200 VUs, 648 complete and 0 interrupted iterations
browse      [  74% ] 160/160 VUs  2m34.8s/3m30.0s
quiz_take   [  74% ] 40/40 VUs    2m34.8s/3m30.0s

running (2m35.8s), 200/200 VUs, 653 complete and 0 interrupted iterations
browse      [  74% ] 160/160 VUs  2m35.8s/3m30.0s
quiz_take   [  74% ] 40/40 VUs    2m35.8s/3m30.0s

running (2m36.8s), 200/200 VUs, 656 complete and 0 interrupted iterations
browse      [  75% ] 160/160 VUs  2m36.8s/3m30.0s
quiz_take   [  75% ] 40/40 VUs    2m36.8s/3m30.0s

running (2m37.8s), 200/200 VUs, 658 complete and 0 interrupted iterations
browse      [  75% ] 160/160 VUs  2m37.8s/3m30.0s
quiz_take   [  75% ] 40/40 VUs    2m37.8s/3m30.0s

running (2m38.8s), 200/200 VUs, 660 complete and 0 interrupted iterations
browse      [  76% ] 160/160 VUs  2m38.8s/3m30.0s
quiz_take   [  76% ] 40/40 VUs    2m38.8s/3m30.0s

running (2m39.8s), 200/200 VUs, 664 complete and 0 interrupted iterations
browse      [  76% ] 160/160 VUs  2m39.8s/3m30.0s
quiz_take   [  76% ] 40/40 VUs    2m39.8s/3m30.0s

running (2m40.8s), 200/200 VUs, 671 complete and 0 interrupted iterations
browse      [  77% ] 160/160 VUs  2m40.8s/3m30.0s
quiz_take   [  77% ] 40/40 VUs    2m40.8s/3m30.0s

running (2m41.8s), 200/200 VUs, 684 complete and 0 interrupted iterations
browse      [  77% ] 160/160 VUs  2m41.8s/3m30.0s
quiz_take   [  77% ] 40/40 VUs    2m41.8s/3m30.0s

running (2m42.8s), 200/200 VUs, 684 complete and 0 interrupted iterations
browse      [  78% ] 160/160 VUs  2m42.8s/3m30.0s
quiz_take   [  78% ] 40/40 VUs    2m42.8s/3m30.0s

running (2m43.8s), 200/200 VUs, 689 complete and 0 interrupted iterations
browse      [  78% ] 160/160 VUs  2m43.8s/3m30.0s
quiz_take   [  78% ] 40/40 VUs    2m43.8s/3m30.0s

running (2m44.8s), 200/200 VUs, 698 complete and 0 interrupted iterations
browse      [  78% ] 160/160 VUs  2m44.8s/3m30.0s
quiz_take   [  78% ] 40/40 VUs    2m44.8s/3m30.0s

running (2m45.8s), 200/200 VUs, 700 complete and 0 interrupted iterations
browse      [  79% ] 160/160 VUs  2m45.8s/3m30.0s
quiz_take   [  79% ] 40/40 VUs    2m45.8s/3m30.0s

running (2m46.8s), 200/200 VUs, 709 complete and 0 interrupted iterations
browse      [  79% ] 160/160 VUs  2m46.8s/3m30.0s
quiz_take   [  79% ] 40/40 VUs    2m46.8s/3m30.0s

running (2m47.8s), 200/200 VUs, 713 complete and 0 interrupted iterations
browse      [  80% ] 160/160 VUs  2m47.8s/3m30.0s
quiz_take   [  80% ] 40/40 VUs    2m47.8s/3m30.0s

running (2m48.8s), 200/200 VUs, 718 complete and 0 interrupted iterations
browse      [  80% ] 160/160 VUs  2m48.8s/3m30.0s
quiz_take   [  80% ] 40/40 VUs    2m48.8s/3m30.0s

running (2m49.8s), 200/200 VUs, 721 complete and 0 interrupted iterations
browse      [  81% ] 160/160 VUs  2m49.8s/3m30.0s
quiz_take   [  81% ] 40/40 VUs    2m49.8s/3m30.0s

running (2m50.8s), 200/200 VUs, 722 complete and 0 interrupted iterations
browse      [  81% ] 160/160 VUs  2m50.8s/3m30.0s
quiz_take   [  81% ] 40/40 VUs    2m50.8s/3m30.0s

running (2m51.8s), 200/200 VUs, 731 complete and 0 interrupted iterations
browse      [  82% ] 160/160 VUs  2m51.8s/3m30.0s
quiz_take   [  82% ] 40/40 VUs    2m51.8s/3m30.0s

running (2m52.8s), 200/200 VUs, 735 complete and 0 interrupted iterations
browse      [  82% ] 160/160 VUs  2m52.8s/3m30.0s
quiz_take   [  82% ] 40/40 VUs    2m52.8s/3m30.0s

running (2m53.8s), 200/200 VUs, 740 complete and 0 interrupted iterations
browse      [  83% ] 160/160 VUs  2m53.8s/3m30.0s
quiz_take   [  83% ] 40/40 VUs    2m53.8s/3m30.0s

running (2m54.8s), 200/200 VUs, 742 complete and 0 interrupted iterations
browse      [  83% ] 160/160 VUs  2m54.8s/3m30.0s
quiz_take   [  83% ] 40/40 VUs    2m54.8s/3m30.0s

running (2m55.8s), 200/200 VUs, 745 complete and 0 interrupted iterations
browse      [  84% ] 160/160 VUs  2m55.8s/3m30.0s
quiz_take   [  84% ] 40/40 VUs    2m55.8s/3m30.0s

running (2m56.8s), 200/200 VUs, 747 complete and 0 interrupted iterations
browse      [  84% ] 160/160 VUs  2m56.8s/3m30.0s
quiz_take   [  84% ] 40/40 VUs    2m56.8s/3m30.0s

running (2m57.8s), 200/200 VUs, 757 complete and 0 interrupted iterations
browse      [  85% ] 160/160 VUs  2m57.8s/3m30.0s
quiz_take   [  85% ] 40/40 VUs    2m57.8s/3m30.0s

running (2m58.8s), 200/200 VUs, 763 complete and 0 interrupted iterations
browse      [  85% ] 160/160 VUs  2m58.8s/3m30.0s
quiz_take   [  85% ] 40/40 VUs    2m58.8s/3m30.0s

running (2m59.8s), 200/200 VUs, 767 complete and 0 interrupted iterations
browse      [  86% ] 160/160 VUs  2m59.8s/3m30.0s
quiz_take   [  86% ] 40/40 VUs    2m59.8s/3m30.0s

running (3m00.8s), 200/200 VUs, 769 complete and 0 interrupted iterations
browse      [  86% ] 160/160 VUs  3m00.8s/3m30.0s
quiz_take   [  86% ] 40/40 VUs    3m00.8s/3m30.0s

running (3m01.8s), 200/200 VUs, 769 complete and 0 interrupted iterations
browse      [  87% ] 160/160 VUs  3m01.8s/3m30.0s
quiz_take   [  87% ] 40/40 VUs    3m01.8s/3m30.0s

running (3m02.8s), 200/200 VUs, 778 complete and 0 interrupted iterations
browse      [  87% ] 160/160 VUs  3m02.8s/3m30.0s
quiz_take   [  87% ] 40/40 VUs    3m02.8s/3m30.0s

running (3m03.8s), 200/200 VUs, 789 complete and 0 interrupted iterations
browse      [  88% ] 160/160 VUs  3m03.8s/3m30.0s
quiz_take   [  88% ] 40/40 VUs    3m03.8s/3m30.0s

running (3m04.8s), 200/200 VUs, 795 complete and 0 interrupted iterations
browse      [  88% ] 160/160 VUs  3m04.8s/3m30.0s
quiz_take   [  88% ] 40/40 VUs    3m04.8s/3m30.0s

running (3m05.8s), 200/200 VUs, 801 complete and 0 interrupted iterations
browse      [  88% ] 160/160 VUs  3m05.8s/3m30.0s
quiz_take   [  88% ] 40/40 VUs    3m05.8s/3m30.0s

running (3m06.8s), 200/200 VUs, 805 complete and 0 interrupted iterations
browse      [  89% ] 160/160 VUs  3m06.8s/3m30.0s
quiz_take   [  89% ] 40/40 VUs    3m06.8s/3m30.0s

running (3m07.8s), 200/200 VUs, 811 complete and 0 interrupted iterations
browse      [  89% ] 160/160 VUs  3m07.8s/3m30.0s
quiz_take   [  89% ] 40/40 VUs    3m07.8s/3m30.0s

running (3m08.8s), 200/200 VUs, 816 complete and 0 interrupted iterations
browse      [  90% ] 160/160 VUs  3m08.8s/3m30.0s
quiz_take   [  90% ] 40/40 VUs    3m08.8s/3m30.0s

running (3m09.8s), 200/200 VUs, 822 complete and 0 interrupted iterations
browse      [  90% ] 160/160 VUs  3m09.8s/3m30.0s
quiz_take   [  90% ] 40/40 VUs    3m09.8s/3m30.0s

running (3m10.8s), 200/200 VUs, 823 complete and 0 interrupted iterations
browse      [  91% ] 160/160 VUs  3m10.8s/3m30.0s
quiz_take   [  91% ] 40/40 VUs    3m10.8s/3m30.0s

running (3m11.8s), 200/200 VUs, 828 complete and 0 interrupted iterations
browse      [  91% ] 160/160 VUs  3m11.8s/3m30.0s
quiz_take   [  91% ] 40/40 VUs    3m11.8s/3m30.0s

running (3m12.8s), 200/200 VUs, 835 complete and 0 interrupted iterations
browse      [  92% ] 160/160 VUs  3m12.8s/3m30.0s
quiz_take   [  92% ] 40/40 VUs    3m12.8s/3m30.0s

running (3m13.8s), 200/200 VUs, 841 complete and 0 interrupted iterations
browse      [  92% ] 160/160 VUs  3m13.8s/3m30.0s
quiz_take   [  92% ] 40/40 VUs    3m13.8s/3m30.0s

running (3m14.8s), 200/200 VUs, 843 complete and 0 interrupted iterations
browse      [  93% ] 160/160 VUs  3m14.8s/3m30.0s
quiz_take   [  93% ] 40/40 VUs    3m14.8s/3m30.0s

running (3m15.8s), 200/200 VUs, 845 complete and 0 interrupted iterations
browse      [  93% ] 160/160 VUs  3m15.8s/3m30.0s
quiz_take   [  93% ] 40/40 VUs    3m15.8s/3m30.0s

running (3m16.8s), 200/200 VUs, 850 complete and 0 interrupted iterations
browse      [  94% ] 160/160 VUs  3m16.8s/3m30.0s
quiz_take   [  94% ] 40/40 VUs    3m16.8s/3m30.0s

running (3m17.8s), 200/200 VUs, 853 complete and 0 interrupted iterations
browse      [  94% ] 160/160 VUs  3m17.8s/3m30.0s
quiz_take   [  94% ] 40/40 VUs    3m17.8s/3m30.0s

running (3m18.8s), 200/200 VUs, 862 complete and 0 interrupted iterations
browse      [  95% ] 160/160 VUs  3m18.8s/3m30.0s
quiz_take   [  95% ] 40/40 VUs    3m18.8s/3m30.0s

running (3m19.8s), 200/200 VUs, 869 complete and 0 interrupted iterations
browse      [  95% ] 160/160 VUs  3m19.8s/3m30.0s
quiz_take   [  95% ] 40/40 VUs    3m19.8s/3m30.0s

running (3m20.8s), 199/200 VUs, 874 complete and 0 interrupted iterations
browse      [  96% ] 159/160 VUs  3m20.8s/3m30.0s
quiz_take   [  96% ] 40/40 VUs    3m20.8s/3m30.0s

running (3m21.8s), 199/200 VUs, 875 complete and 0 interrupted iterations
browse      [  96% ] 159/160 VUs  3m21.8s/3m30.0s
quiz_take   [  96% ] 40/40 VUs    3m21.8s/3m30.0s

running (3m22.8s), 197/200 VUs, 880 complete and 0 interrupted iterations
browse      [  97% ] 159/160 VUs  3m22.8s/3m30.0s
quiz_take   [  97% ] 38/40 VUs    3m22.8s/3m30.0s

running (3m23.8s), 196/200 VUs, 881 complete and 0 interrupted iterations
browse      [  97% ] 158/160 VUs  3m23.8s/3m30.0s
quiz_take   [  97% ] 38/40 VUs    3m23.8s/3m30.0s

running (3m24.8s), 192/200 VUs, 888 complete and 0 interrupted iterations
browse      [  98% ] 155/160 VUs  3m24.8s/3m30.0s
quiz_take   [  98% ] 37/40 VUs    3m24.8s/3m30.0s

running (3m25.8s), 188/200 VUs, 895 complete and 0 interrupted iterations
browse      [  98% ] 151/160 VUs  3m25.8s/3m30.0s
quiz_take   [  98% ] 37/40 VUs    3m25.8s/3m30.0s

running (3m26.8s), 183/200 VUs, 901 complete and 0 interrupted iterations
browse      [  98% ] 146/160 VUs  3m26.8s/3m30.0s
quiz_take   [  98% ] 37/40 VUs    3m26.8s/3m30.0s

running (3m27.8s), 180/200 VUs, 904 complete and 0 interrupted iterations
browse      [  99% ] 143/160 VUs  3m27.8s/3m30.0s
quiz_take   [  99% ] 37/40 VUs    3m27.8s/3m30.0s

running (3m28.8s), 176/200 VUs, 908 complete and 0 interrupted iterations
browse      [  99% ] 140/160 VUs  3m28.8s/3m30.0s
quiz_take   [  99% ] 36/40 VUs    3m28.8s/3m30.0s

running (3m29.8s), 172/200 VUs, 912 complete and 0 interrupted iterations
browse      [ 100% ] 136/160 VUs  3m29.8s/3m30.0s
quiz_take   [ 100% ] 36/40 VUs    3m29.8s/3m30.0s

running (3m30.8s), 162/200 VUs, 916 complete and 6 interrupted iterations
browse    ↓ [ 100% ] 133/160 VUs  3m30s
quiz_take ↓ [ 100% ] 36/40 VUs    3m30s

running (3m31.8s), 145/200 VUs, 920 complete and 19 interrupted iterations
browse    ↓ [ 100% ] 133/160 VUs  3m30s
quiz_take ↓ [ 100% ] 36/40 VUs    3m30s

running (3m32.8s), 125/200 VUs, 928 complete and 31 interrupted iterations
browse    ↓ [ 100% ] 133/160 VUs  3m30s
quiz_take ↓ [ 100% ] 36/40 VUs    3m30s

running (3m33.8s), 105/200 VUs, 937 complete and 42 interrupted iterations
browse    ↓ [ 100% ] 133/160 VUs  3m30s
quiz_take ↓ [ 100% ] 36/40 VUs    3m30s

running (3m34.8s), 089/200 VUs, 943 complete and 52 interrupted iterations
browse    ↓ [ 100% ] 133/160 VUs  3m30s
quiz_take ↓ [ 100% ] 36/40 VUs    3m30s

running (3m35.8s), 072/200 VUs, 949 complete and 63 interrupted iterations
browse    ↓ [ 100% ] 133/160 VUs  3m30s
quiz_take ↓ [ 100% ] 36/40 VUs    3m30s

running (3m36.8s), 053/200 VUs, 956 complete and 75 interrupted iterations
browse    ↓ [ 100% ] 133/160 VUs  3m30s
quiz_take ↓ [ 100% ] 36/40 VUs    3m30s

running (3m37.8s), 030/200 VUs, 966 complete and 88 interrupted iterations
browse    ↓ [ 100% ] 133/160 VUs  3m30s
quiz_take ↓ [ 100% ] 36/40 VUs    3m30s

running (3m38.8s), 018/200 VUs, 973 complete and 93 interrupted iterations
browse    ↓ [ 100% ] 133/160 VUs  3m30s
quiz_take ↓ [ 100% ] 36/40 VUs    3m30s

running (3m39.8s), 013/200 VUs, 976 complete and 95 interrupted iterations
browse    ✓ [ 100% ] 000/160 VUs  3m30s
quiz_take ↓ [ 100% ] 36/40 VUs    3m30s

running (3m40.8s), 005/200 VUs, 983 complete and 96 interrupted iterations
browse    ✓ [ 100% ] 000/160 VUs  3m30s
quiz_take ↓ [ 100% ] 36/40 VUs    3m30s

total requests : 7858 (35.5/s)
error rate     : 0.00%
duration       : med=4.46s p95=10.83s p99=14.47s max=25.66s
threshold FAIL: http_req_duration
threshold PASS: http_req_failed

════════ Per-endpoint summary (report-ready) ════════
Endpoint                                              Count   RPS     p50      p95      p99      Max      Err%
GET /api/v1/me/notifications/unread-count             1801    8.1     4.21s    9.46s    13.06s   16.85s   0.00%
GET /api/v1/users/me                                  938     4.2     4.02s    9.70s    12.57s   20.15s   0.00%
GET /api/v1/me/courses                                938     4.2     4.07s    10.77s   14.36s   20.84s   0.00%
GET /api/v1/me/progress/courses/{id}                  929     4.2     3.96s    9.63s    13.96s   18.30s   0.00%
GET /api/v1/me/cards-due                              911     4.1     5.22s    10.55s   12.92s   15.99s   0.00%
POST /api/v1/attempts/{id}/answers                    726     3.3     4.71s    9.95s    12.36s   17.78s   0.00%
POST /api/v1/attempts/{id}/session/heartbeat          289     1.3     4.47s    9.44s    11.72s   12.66s   0.00%
GET /api/v1/courses/{id}/interview-progress           197     0.9     4.17s    9.27s    11.91s   14.01s   0.00%
GET /api/v1/courses/{id}/content                      196     0.9     5.09s    11.54s   13.77s   17.31s   0.00%
GET /api/v1/me/sr-dashboard-summary                   169     0.8     10.40s   16.52s   18.61s   20.44s   0.00%
GET /api/v1/courses                                   166     0.7     4.18s    11.35s   13.05s   14.28s   0.00%
GET /api/v1/courses/{id}/quiz-progress                163     0.7     4.00s    9.19s    12.44s   20.99s   0.00%
POST /api/v1/quizzes/{quiz_id}/attempts               146     0.7     6.09s    13.11s   16.23s   16.78s   0.00%
POST /api/v1/attempts/{id}/integrity-events           146     0.7     4.64s    9.46s    13.23s   16.81s   0.00%
POST /api/v1/attempts/{id}/submit                     143     0.6     9.20s    15.99s   22.46s   25.66s   0.00%

running (3m41.5s), 000/200 VUs, 986 complete and 98 interrupted iterations
browse    ✓ [ 100% ] 000/160 VUs  3m30s
quiz_take ✓ [ 100% ] 00/40 VUs    3m30s
time="2026-09-26T18:15:28Z" level=error msg="thresholds on metrics 'http_req_duration' have been crossed"
